// Jest Snapshot v1, https://goo.gl/fbAQLP

exports[`Home-page test Take snapshot of home 1`] = `
<View
  style={
    Array [
      Object {
        "backgroundColor": "#fff",
        "flex": 1,
        "height": 1334,
      },
      Object {
        "alignItems": "center",
        "flex": 1,
        "justifyContent": "center",
        "paddingTop": 70,
      },
    ]
  }
/>
`;
